col1|1	col1|2	col1|3	col1|4	col1|5	col1|6	col1|7	col1|8
col2|1	col2|2	col2|3	col2|4	col2|5	col2|6	col2|7	col2|8
col3|1	col3|2	col3|3	col3|4	col3|5	col3|6	col3|7	col3|8